../Core/Src/main.c:77:5:main	48	static
../Core/Src/main.c:153:6:SystemClock_Config	72	static
../Core/Src/main.c:190:13:MX_I2C1_Init	8	static
../Core/Src/main.c:224:13:MX_SPI2_Init	8	static
../Core/Src/main.c:262:13:MX_USART1_UART_Init	8	static
../Core/Src/main.c:295:13:MX_USART2_UART_Init	8	static
../Core/Src/main.c:328:13:MX_GPIO_Init	40	static
../Core/Src/main.c:376:6:StartDefaultTask	16	static
../Core/Src/main.c:399:6:HAL_TIM_PeriodElapsedCallback	16	static
../Core/Src/main.c:416:6:Error_Handler	4	static,ignoring_inline_asm
